GowinSynthesis start
Running parser ...
Analyzing VHDL file 'C:\Users\Das\Dropbox\Obsidian\Fisica\tmp\HDL-ART\pyRNG\RNG\src\LCD.vhd'
Analyzing entity 'lcd'("C:\Users\Das\Dropbox\Obsidian\Fisica\tmp\HDL-ART\pyRNG\RNG\src\LCD.vhd":13)
Analyzing architecture 'fsm_concurrent'("C:\Users\Das\Dropbox\Obsidian\Fisica\tmp\HDL-ART\pyRNG\RNG\src\LCD.vhd":22)
Analyzing VHDL file 'C:\Users\Das\Dropbox\Obsidian\Fisica\tmp\HDL-ART\pyRNG\RNG\src\rng.vhd'
Analyzing entity 'rng'("C:\Users\Das\Dropbox\Obsidian\Fisica\tmp\HDL-ART\pyRNG\RNG\src\rng.vhd":13)
Analyzing architecture 'juve3dstudio'("C:\Users\Das\Dropbox\Obsidian\Fisica\tmp\HDL-ART\pyRNG\RNG\src\rng.vhd":22)
Analyzing Verilog file 'C:\Gowin\Gowin_V1.9.9Beta-4_Education\IDE\data\ipcores\GAO\GW_AO_0\gw_ao_crc32.v'
Analyzing Verilog file 'C:\Gowin\Gowin_V1.9.9Beta-4_Education\IDE\data\ipcores\GAO\GW_AO_0\gw_ao_match.v'
Analyzing included file 'C:\Gowin\Gowin_V1.9.9Beta-4_Education\IDE\data\ipcores\GAO\GW_AO_0\gw_ao_define.v'("C:\Gowin\Gowin_V1.9.9Beta-4_Education\IDE\data\ipcores\GAO\GW_AO_0\gw_ao_match.v":327)
Back to file 'C:\Gowin\Gowin_V1.9.9Beta-4_Education\IDE\data\ipcores\GAO\GW_AO_0\gw_ao_match.v'("C:\Gowin\Gowin_V1.9.9Beta-4_Education\IDE\data\ipcores\GAO\GW_AO_0\gw_ao_match.v":327)
Analyzing Verilog file 'C:\Gowin\Gowin_V1.9.9Beta-4_Education\IDE\data\ipcores\GAO\GW_AO_0\gw_ao_mem_ctrl.v'
Analyzing included file 'C:\Users\Das\Dropbox\Obsidian\Fisica\tmp\HDL-ART\pyRNG\RNG\impl\gwsynthesis\RTL_GAO\ao_0\gw_ao_top_define.v'("C:\Gowin\Gowin_V1.9.9Beta-4_Education\IDE\data\ipcores\GAO\GW_AO_0\gw_ao_mem_ctrl.v":150)
Back to file 'C:\Gowin\Gowin_V1.9.9Beta-4_Education\IDE\data\ipcores\GAO\GW_AO_0\gw_ao_mem_ctrl.v'("C:\Gowin\Gowin_V1.9.9Beta-4_Education\IDE\data\ipcores\GAO\GW_AO_0\gw_ao_mem_ctrl.v":150)
Analyzing Verilog file 'C:\Gowin\Gowin_V1.9.9Beta-4_Education\IDE\data\ipcores\GAO\GW_AO_0\gw_ao_top.v'
Analyzing included file 'C:\Gowin\Gowin_V1.9.9Beta-4_Education\IDE\data\ipcores\GAO\GW_AO_0\gw_ao_define.v'("C:\Gowin\Gowin_V1.9.9Beta-4_Education\IDE\data\ipcores\GAO\GW_AO_0\gw_ao_top.v":2738)
Back to file 'C:\Gowin\Gowin_V1.9.9Beta-4_Education\IDE\data\ipcores\GAO\GW_AO_0\gw_ao_top.v'("C:\Gowin\Gowin_V1.9.9Beta-4_Education\IDE\data\ipcores\GAO\GW_AO_0\gw_ao_top.v":2738)
Analyzing included file 'C:\Users\Das\Dropbox\Obsidian\Fisica\tmp\HDL-ART\pyRNG\RNG\impl\gwsynthesis\RTL_GAO\ao_0\gw_ao_top_define.v'("C:\Gowin\Gowin_V1.9.9Beta-4_Education\IDE\data\ipcores\GAO\GW_AO_0\gw_ao_top.v":2738)
Back to file 'C:\Gowin\Gowin_V1.9.9Beta-4_Education\IDE\data\ipcores\GAO\GW_AO_0\gw_ao_top.v'("C:\Gowin\Gowin_V1.9.9Beta-4_Education\IDE\data\ipcores\GAO\GW_AO_0\gw_ao_top.v":2738)
Analyzing included file 'C:\Users\Das\Dropbox\Obsidian\Fisica\tmp\HDL-ART\pyRNG\RNG\impl\gwsynthesis\RTL_GAO\ao_0\gw_ao_expression.v'("C:\Gowin\Gowin_V1.9.9Beta-4_Education\IDE\data\ipcores\GAO\GW_AO_0\gw_ao_top.v":2738)
Back to file 'C:\Gowin\Gowin_V1.9.9Beta-4_Education\IDE\data\ipcores\GAO\GW_AO_0\gw_ao_top.v'("C:\Gowin\Gowin_V1.9.9Beta-4_Education\IDE\data\ipcores\GAO\GW_AO_0\gw_ao_top.v":2738)
Analyzing included file 'C:\Users\Das\Dropbox\Obsidian\Fisica\tmp\HDL-ART\pyRNG\RNG\impl\gwsynthesis\RTL_GAO\ao_0\gw_ao_parameter.v'("C:\Gowin\Gowin_V1.9.9Beta-4_Education\IDE\data\ipcores\GAO\GW_AO_0\gw_ao_top.v":2738)
Back to file 'C:\Gowin\Gowin_V1.9.9Beta-4_Education\IDE\data\ipcores\GAO\GW_AO_0\gw_ao_top.v'("C:\Gowin\Gowin_V1.9.9Beta-4_Education\IDE\data\ipcores\GAO\GW_AO_0\gw_ao_top.v":2738)
Analyzing Verilog file 'C:\Gowin\Gowin_V1.9.9Beta-4_Education\IDE\data\ipcores\GAO\GW_CON\gw_con_top.v'
Analyzing included file 'C:\Users\Das\Dropbox\Obsidian\Fisica\tmp\HDL-ART\pyRNG\RNG\impl\gwsynthesis\RTL_GAO\ao_control\gw_con_top_define.v'("C:\Gowin\Gowin_V1.9.9Beta-4_Education\IDE\data\ipcores\GAO\GW_CON\gw_con_top.v":377)
Back to file 'C:\Gowin\Gowin_V1.9.9Beta-4_Education\IDE\data\ipcores\GAO\GW_CON\gw_con_top.v'("C:\Gowin\Gowin_V1.9.9Beta-4_Education\IDE\data\ipcores\GAO\GW_CON\gw_con_top.v":377)
Analyzing included file 'C:\Users\Das\Dropbox\Obsidian\Fisica\tmp\HDL-ART\pyRNG\RNG\impl\gwsynthesis\RTL_GAO\ao_control\gw_con_parameter.v'("C:\Gowin\Gowin_V1.9.9Beta-4_Education\IDE\data\ipcores\GAO\GW_CON\gw_con_top.v":377)
Back to file 'C:\Gowin\Gowin_V1.9.9Beta-4_Education\IDE\data\ipcores\GAO\GW_CON\gw_con_top.v'("C:\Gowin\Gowin_V1.9.9Beta-4_Education\IDE\data\ipcores\GAO\GW_CON\gw_con_top.v":377)
Analyzing Verilog file 'C:\Gowin\Gowin_V1.9.9Beta-4_Education\IDE\data\ipcores\gw_jtag.v'
Analyzing Verilog file 'C:\Users\Das\Dropbox\Obsidian\Fisica\tmp\HDL-ART\pyRNG\RNG\impl\gwsynthesis\RTL_GAO\gw_gao_top.v'
Compiling module '**'("C:\Gowin\Gowin_V1.9.9Beta-4_Education\IDE\data\ipcores\GAO\GW_AO_0\gw_ao_crc32.v":0)
Compiling module '**'("C:\Gowin\Gowin_V1.9.9Beta-4_Education\IDE\data\ipcores\GAO\GW_AO_0\gw_ao_match.v":0)
Compiling module '**'("C:\Gowin\Gowin_V1.9.9Beta-4_Education\IDE\data\ipcores\GAO\GW_AO_0\gw_ao_mem_ctrl.v":0)
Extracting RAM for identifier '**'("C:\Gowin\Gowin_V1.9.9Beta-4_Education\IDE\data\ipcores\GAO\GW_AO_0\gw_ao_mem_ctrl.v":0)
Compiling module '**'("C:\Gowin\Gowin_V1.9.9Beta-4_Education\IDE\data\ipcores\GAO\GW_AO_0\gw_ao_top.v":0)
Compiling module '**'("C:\Gowin\Gowin_V1.9.9Beta-4_Education\IDE\data\ipcores\GAO\GW_AO_0\gw_ao_mem_ctrl.v":0)
Extracting RAM for identifier '**'("C:\Gowin\Gowin_V1.9.9Beta-4_Education\IDE\data\ipcores\GAO\GW_AO_0\gw_ao_mem_ctrl.v":0)
Compiling module '**'("C:\Gowin\Gowin_V1.9.9Beta-4_Education\IDE\data\ipcores\GAO\GW_AO_0\gw_ao_match.v":0)
Compiling module '**'("C:\Gowin\Gowin_V1.9.9Beta-4_Education\IDE\data\ipcores\GAO\GW_CON\gw_con_top.v":0)
Compiling module 'GW_JTAG'("C:\Gowin\Gowin_V1.9.9Beta-4_Education\IDE\data\ipcores\gw_jtag.v":1)
Compiling module 'gw_gao'("C:\Users\Das\Dropbox\Obsidian\Fisica\tmp\HDL-ART\pyRNG\RNG\impl\gwsynthesis\RTL_GAO\gw_gao_top.v":1)
Processing 'LCD(FSM_Concurrent)'("C:\Users\Das\Dropbox\Obsidian\Fisica\tmp\HDL-ART\pyRNG\RNG\src\LCD.vhd":13)
WARN  (EX4160) : Latch inferred for net 'oneUSClk'("C:\Users\Das\Dropbox\Obsidian\Fisica\tmp\HDL-ART\pyRNG\RNG\src\LCD.vhd":74)
Processing 'RNG(juve3dstudio)'("C:\Users\Das\Dropbox\Obsidian\Fisica\tmp\HDL-ART\pyRNG\RNG\src\rng.vhd":13)
Trying to combine GAO to RTL design
NOTE  (EX0101) : Current top module is "RNG"
[5%] Running netlist conversion ...
Running device independent optimization ...
[10%] Optimizing Phase 0 completed
[15%] Optimizing Phase 1 completed
[25%] Optimizing Phase 2 completed
Running inference ...
[30%] Inferring Phase 0 completed
[40%] Inferring Phase 1 completed
[50%] Inferring Phase 2 completed
[55%] Inferring Phase 3 completed
Running technical mapping ...
[60%] Tech-Mapping Phase 0 completed
[65%] Tech-Mapping Phase 1 completed
[75%] Tech-Mapping Phase 2 completed
[80%] Tech-Mapping Phase 3 completed
[90%] Tech-Mapping Phase 4 completed
[95%] Generate netlist file "C:\Users\Das\Dropbox\Obsidian\Fisica\tmp\HDL-ART\pyRNG\RNG\impl\gwsynthesis\RNG.vg" completed
[100%] Generate report file "C:\Users\Das\Dropbox\Obsidian\Fisica\tmp\HDL-ART\pyRNG\RNG\impl\gwsynthesis\RNG_syn.rpt.html" completed
GowinSynthesis finish
