--------------------------------------------------------------------------------
Release 14.7 Trace  (lin64)
Copyright (c) 1995-2013 Xilinx, Inc.  All rights reserved.

/opt/Xilinx/14.7/ISE_DS/ISE/bin/lin64/unwrapped/trce -intstyle ise -v 3 -s 3 -n
3 -fastpaths -xml TwoBitsAdder.twx TwoBitsAdder.ncd -o TwoBitsAdder.twr
TwoBitsAdder.pcf -ucf TwoBitsAdder.ucf

Design file:              TwoBitsAdder.ncd
Physical constraint file: TwoBitsAdder.pcf
Device,package,speed:     xc6slx9,tqg144,C,-3 (PRODUCTION 1.23 2013-10-13)
Report level:             verbose report

Environment Variable      Effect 
--------------------      ------ 
NONE                      No environment variables were set
--------------------------------------------------------------------------------

INFO:Timing:2698 - No timing constraints found, doing default enumeration.
INFO:Timing:3412 - To improve timing, see the Timing Closure User Guide (UG612).
INFO:Timing:2752 - To get complete path coverage, use the unconstrained paths 
   option. All paths that are not constrained will be reported in the 
   unconstrained paths section(s) of the report.
INFO:Timing:3339 - The clock-to-out numbers in this timing report are based on 
   a 50 Ohm transmission line loading model.  For the details of this model, 
   and for more information on accounting for different loading conditions, 
   please see the device datasheet.



Data Sheet report:
-----------------
All values displayed in nanoseconds (ns)

Pad to Pad
---------------+---------------+---------+
Source Pad     |Destination Pad|  Delay  |
---------------+---------------+---------+
A<0>           |Cout           |   16.673|
A<0>           |S<0>           |   11.337|
A<0>           |S<1>           |   10.952|
A<0>           |S<2>           |    9.479|
A<0>           |S<3>           |   10.454|
A<0>           |S<4>           |   10.262|
A<0>           |S<5>           |   11.138|
A<0>           |S<6>           |   11.401|
A<0>           |S<7>           |   13.165|
A<0>           |S<8>           |   12.058|
A<0>           |S<9>           |   14.468|
A<0>           |S<10>          |   15.424|
A<0>           |S<11>          |   15.507|
A<0>           |S<12>          |   17.940|
A<0>           |S<13>          |   18.213|
A<0>           |S<14>          |   18.468|
A<0>           |S<15>          |   19.151|
A<1>           |Cout           |   15.948|
A<1>           |S<1>           |   10.396|
A<1>           |S<2>           |    8.948|
A<1>           |S<3>           |    9.729|
A<1>           |S<4>           |    9.537|
A<1>           |S<5>           |   10.413|
A<1>           |S<6>           |   10.676|
A<1>           |S<7>           |   12.440|
A<1>           |S<8>           |   11.333|
A<1>           |S<9>           |   13.743|
A<1>           |S<10>          |   14.699|
A<1>           |S<11>          |   14.782|
A<1>           |S<12>          |   17.215|
A<1>           |S<13>          |   17.488|
A<1>           |S<14>          |   17.743|
A<1>           |S<15>          |   18.426|
A<2>           |Cout           |   15.577|
A<2>           |S<2>           |    8.825|
A<2>           |S<3>           |    9.358|
A<2>           |S<4>           |    9.166|
A<2>           |S<5>           |   10.042|
A<2>           |S<6>           |   10.305|
A<2>           |S<7>           |   12.069|
A<2>           |S<8>           |   10.962|
A<2>           |S<9>           |   13.372|
A<2>           |S<10>          |   14.328|
A<2>           |S<11>          |   14.411|
A<2>           |S<12>          |   16.844|
A<2>           |S<13>          |   17.117|
A<2>           |S<14>          |   17.372|
A<2>           |S<15>          |   18.055|
A<3>           |Cout           |   15.125|
A<3>           |S<3>           |    8.803|
A<3>           |S<4>           |    8.714|
A<3>           |S<5>           |    9.590|
A<3>           |S<6>           |    9.853|
A<3>           |S<7>           |   11.617|
A<3>           |S<8>           |   10.510|
A<3>           |S<9>           |   12.920|
A<3>           |S<10>          |   13.876|
A<3>           |S<11>          |   13.959|
A<3>           |S<12>          |   16.392|
A<3>           |S<13>          |   16.665|
A<3>           |S<14>          |   16.920|
A<3>           |S<15>          |   17.603|
A<4>           |Cout           |   15.257|
A<4>           |S<4>           |    8.846|
A<4>           |S<5>           |    9.722|
A<4>           |S<6>           |    9.985|
A<4>           |S<7>           |   11.749|
A<4>           |S<8>           |   10.642|
A<4>           |S<9>           |   13.052|
A<4>           |S<10>          |   14.008|
A<4>           |S<11>          |   14.091|
A<4>           |S<12>          |   16.524|
A<4>           |S<13>          |   16.797|
A<4>           |S<14>          |   17.052|
A<4>           |S<15>          |   17.735|
A<5>           |Cout           |   13.804|
A<5>           |S<5>           |    8.100|
A<5>           |S<6>           |    8.532|
A<5>           |S<7>           |   10.296|
A<5>           |S<8>           |    9.189|
A<5>           |S<9>           |   11.599|
A<5>           |S<10>          |   12.555|
A<5>           |S<11>          |   12.638|
A<5>           |S<12>          |   15.071|
A<5>           |S<13>          |   15.344|
A<5>           |S<14>          |   15.599|
A<5>           |S<15>          |   16.282|
A<6>           |Cout           |   13.817|
A<6>           |S<6>           |    8.545|
A<6>           |S<7>           |   10.309|
A<6>           |S<8>           |    9.202|
A<6>           |S<9>           |   11.612|
A<6>           |S<10>          |   12.568|
A<6>           |S<11>          |   12.651|
A<6>           |S<12>          |   15.084|
A<6>           |S<13>          |   15.357|
A<6>           |S<14>          |   15.612|
A<6>           |S<15>          |   16.295|
A<7>           |Cout           |   14.540|
A<7>           |S<7>           |   10.243|
A<7>           |S<8>           |    9.925|
A<7>           |S<9>           |   12.335|
A<7>           |S<10>          |   13.291|
A<7>           |S<11>          |   13.374|
A<7>           |S<12>          |   15.807|
A<7>           |S<13>          |   16.080|
A<7>           |S<14>          |   16.335|
A<7>           |S<15>          |   17.018|
A<8>           |Cout           |   14.508|
A<8>           |S<8>           |    9.893|
A<8>           |S<9>           |   12.303|
A<8>           |S<10>          |   13.259|
A<8>           |S<11>          |   13.342|
A<8>           |S<12>          |   15.775|
A<8>           |S<13>          |   16.048|
A<8>           |S<14>          |   16.303|
A<8>           |S<15>          |   16.986|
A<9>           |Cout           |   12.460|
A<9>           |S<9>           |   10.255|
A<9>           |S<10>          |   11.063|
A<9>           |S<11>          |   11.294|
A<9>           |S<12>          |   13.727|
A<9>           |S<13>          |   14.000|
A<9>           |S<14>          |   14.255|
A<9>           |S<15>          |   14.938|
A<10>          |Cout           |   12.192|
A<10>          |S<10>          |   11.287|
A<10>          |S<11>          |   11.026|
A<10>          |S<12>          |   13.459|
A<10>          |S<13>          |   13.732|
A<10>          |S<14>          |   13.987|
A<10>          |S<15>          |   14.670|
A<11>          |Cout           |   12.327|
A<11>          |S<11>          |   11.161|
A<11>          |S<12>          |   13.594|
A<11>          |S<13>          |   13.867|
A<11>          |S<14>          |   14.122|
A<11>          |S<15>          |   14.805|
A<12>          |Cout           |    9.052|
A<12>          |S<12>          |   10.990|
A<12>          |S<13>          |   10.592|
A<12>          |S<14>          |   10.847|
A<12>          |S<15>          |   11.530|
A<13>          |Cout           |    9.029|
A<13>          |S<13>          |   10.569|
A<13>          |S<14>          |   10.824|
A<13>          |S<15>          |   11.507|
A<14>          |Cout           |    8.329|
A<14>          |S<14>          |   10.476|
A<14>          |S<15>          |   10.807|
A<15>          |Cout           |    8.278|
A<15>          |S<15>          |   10.756|
B<0>           |Cout           |   16.763|
B<0>           |S<0>           |   11.473|
B<0>           |S<1>           |   11.088|
B<0>           |S<2>           |   10.030|
B<0>           |S<3>           |   10.544|
B<0>           |S<4>           |   10.352|
B<0>           |S<5>           |   11.228|
B<0>           |S<6>           |   11.491|
B<0>           |S<7>           |   13.255|
B<0>           |S<8>           |   12.148|
B<0>           |S<9>           |   14.558|
B<0>           |S<10>          |   15.514|
B<0>           |S<11>          |   15.597|
B<0>           |S<12>          |   18.030|
B<0>           |S<13>          |   18.303|
B<0>           |S<14>          |   18.558|
B<0>           |S<15>          |   19.241|
B<1>           |Cout           |   16.469|
B<1>           |S<1>           |   11.000|
B<1>           |S<2>           |    9.740|
B<1>           |S<3>           |   10.250|
B<1>           |S<4>           |   10.058|
B<1>           |S<5>           |   10.934|
B<1>           |S<6>           |   11.197|
B<1>           |S<7>           |   12.961|
B<1>           |S<8>           |   11.854|
B<1>           |S<9>           |   14.264|
B<1>           |S<10>          |   15.220|
B<1>           |S<11>          |   15.303|
B<1>           |S<12>          |   17.736|
B<1>           |S<13>          |   18.009|
B<1>           |S<14>          |   18.264|
B<1>           |S<15>          |   18.947|
B<2>           |Cout           |   16.118|
B<2>           |S<2>           |    9.573|
B<2>           |S<3>           |    9.899|
B<2>           |S<4>           |    9.707|
B<2>           |S<5>           |   10.583|
B<2>           |S<6>           |   10.846|
B<2>           |S<7>           |   12.610|
B<2>           |S<8>           |   11.503|
B<2>           |S<9>           |   13.913|
B<2>           |S<10>          |   14.869|
B<2>           |S<11>          |   14.952|
B<2>           |S<12>          |   17.385|
B<2>           |S<13>          |   17.658|
B<2>           |S<14>          |   17.913|
B<2>           |S<15>          |   18.596|
B<3>           |Cout           |   15.409|
B<3>           |S<3>           |    8.796|
B<3>           |S<4>           |    8.998|
B<3>           |S<5>           |    9.874|
B<3>           |S<6>           |   10.137|
B<3>           |S<7>           |   11.901|
B<3>           |S<8>           |   10.794|
B<3>           |S<9>           |   13.204|
B<3>           |S<10>          |   14.160|
B<3>           |S<11>          |   14.243|
B<3>           |S<12>          |   16.676|
B<3>           |S<13>          |   16.949|
B<3>           |S<14>          |   17.204|
B<3>           |S<15>          |   17.887|
B<4>           |Cout           |   14.955|
B<4>           |S<4>           |    8.544|
B<4>           |S<5>           |    9.420|
B<4>           |S<6>           |    9.683|
B<4>           |S<7>           |   11.447|
B<4>           |S<8>           |   10.340|
B<4>           |S<9>           |   12.750|
B<4>           |S<10>          |   13.706|
B<4>           |S<11>          |   13.789|
B<4>           |S<12>          |   16.222|
B<4>           |S<13>          |   16.495|
B<4>           |S<14>          |   16.750|
B<4>           |S<15>          |   17.433|
B<5>           |Cout           |   14.317|
B<5>           |S<5>           |    8.387|
B<5>           |S<6>           |    9.045|
B<5>           |S<7>           |   10.809|
B<5>           |S<8>           |    9.702|
B<5>           |S<9>           |   12.112|
B<5>           |S<10>          |   13.068|
B<5>           |S<11>          |   13.151|
B<5>           |S<12>          |   15.584|
B<5>           |S<13>          |   15.857|
B<5>           |S<14>          |   16.112|
B<5>           |S<15>          |   16.795|
B<6>           |Cout           |   13.943|
B<6>           |S<6>           |    8.671|
B<6>           |S<7>           |   10.435|
B<6>           |S<8>           |    9.328|
B<6>           |S<9>           |   11.738|
B<6>           |S<10>          |   12.694|
B<6>           |S<11>          |   12.777|
B<6>           |S<12>          |   15.210|
B<6>           |S<13>          |   15.483|
B<6>           |S<14>          |   15.738|
B<6>           |S<15>          |   16.421|
B<7>           |Cout           |   13.813|
B<7>           |S<7>           |   10.074|
B<7>           |S<8>           |    9.198|
B<7>           |S<9>           |   11.608|
B<7>           |S<10>          |   12.564|
B<7>           |S<11>          |   12.647|
B<7>           |S<12>          |   15.080|
B<7>           |S<13>          |   15.353|
B<7>           |S<14>          |   15.608|
B<7>           |S<15>          |   16.291|
B<8>           |Cout           |   14.435|
B<8>           |S<8>           |    9.820|
B<8>           |S<9>           |   12.230|
B<8>           |S<10>          |   13.186|
B<8>           |S<11>          |   13.269|
B<8>           |S<12>          |   15.702|
B<8>           |S<13>          |   15.975|
B<8>           |S<14>          |   16.230|
B<8>           |S<15>          |   16.913|
B<9>           |Cout           |   12.575|
B<9>           |S<9>           |   10.370|
B<9>           |S<10>          |   11.593|
B<9>           |S<11>          |   11.409|
B<9>           |S<12>          |   13.842|
B<9>           |S<13>          |   14.115|
B<9>           |S<14>          |   14.370|
B<9>           |S<15>          |   15.053|
B<10>          |Cout           |   12.166|
B<10>          |S<10>          |   11.002|
B<10>          |S<11>          |   11.000|
B<10>          |S<12>          |   13.433|
B<10>          |S<13>          |   13.706|
B<10>          |S<14>          |   13.961|
B<10>          |S<15>          |   14.644|
B<11>          |Cout           |   12.650|
B<11>          |S<11>          |   11.484|
B<11>          |S<12>          |   13.917|
B<11>          |S<13>          |   14.190|
B<11>          |S<14>          |   14.445|
B<11>          |S<15>          |   15.128|
B<12>          |Cout           |    9.384|
B<12>          |S<12>          |   10.700|
B<12>          |S<13>          |   10.924|
B<12>          |S<14>          |   11.179|
B<12>          |S<15>          |   11.862|
B<13>          |Cout           |    9.128|
B<13>          |S<13>          |   10.668|
B<13>          |S<14>          |   10.923|
B<13>          |S<15>          |   11.606|
B<14>          |Cout           |    8.370|
B<14>          |S<14>          |   10.483|
B<14>          |S<15>          |   10.848|
B<15>          |Cout           |    8.071|
B<15>          |S<15>          |   10.549|
---------------+---------------+---------+


Analysis completed Tue Feb 11 19:22:52 2025 
--------------------------------------------------------------------------------

Trace Settings:
-------------------------
Trace Settings 

Peak Memory Usage: 382 MB



