Running: /opt/Xilinx/14.7/ISE_DS/ISE/bin/lin64/unwrapped/fuse -intstyle ise -incremental -lib secureip -o /home/ise/HDL-ART/pyRNG/sim/TB_RNG_isim_beh.exe -prj /home/ise/HDL-ART/pyRNG/sim/TB_RNG_beh.prj work.TB_RNG 
ISim P.20131013 (signature 0xfbc00daa)
Number of CPUs detected in this system: 4
Turning on mult-threading, number of parallel sub-compilation jobs: 8 
Determining compilation order of HDL files
Parsing VHDL file "/home/ise/HDL-ART/pyRNG/sim/../RNG/src/LCD.vhd" into library work
Parsing VHDL file "/home/ise/HDL-ART/pyRNG/sim/../RNG/src/rng.vhd" into library work
Parsing VHDL file "/home/ise/HDL-ART/pyRNG/sim/tb.vhd" into library work
Starting static elaboration
Completed static elaboration
Fuse Memory Usage: 97016 KB
Fuse CPU Usage: 3220 ms
Compiling package standard
Compiling package std_logic_1164
Compiling package numeric_std
Compiling architecture fsm_concurrent of entity LCD [lcd_default]
Compiling architecture juve3dstudio of entity RNG [rng_default]
Compiling architecture sim of entity tb_rng
Time Resolution for simulation is 1ps.
Waiting for 1 sub-compilation(s) to finish...
Compiled 8 VHDL Units
Built simulation executable /home/ise/HDL-ART/pyRNG/sim/TB_RNG_isim_beh.exe
Fuse Memory Usage: 666704 KB
Fuse CPU Usage: 3980 ms
GCC CPU Usage: 1900 ms
