--------------------------------------------------------------------------------
Release 14.7 Trace  (lin64)
Copyright (c) 1995-2013 Xilinx, Inc.  All rights reserved.

/opt/Xilinx/14.7/ISE_DS/ISE/bin/lin64/unwrapped/trce -intstyle ise -v 3 -s 3 -n
3 -fastpaths -xml Multiplier.twx Multiplier.ncd -o Multiplier.twr
Multiplier.pcf -ucf ucf.ucf

Design file:              Multiplier.ncd
Physical constraint file: Multiplier.pcf
Device,package,speed:     xc6slx9,tqg144,C,-3 (PRODUCTION 1.23 2013-10-13)
Report level:             verbose report

Environment Variable      Effect 
--------------------      ------ 
NONE                      No environment variables were set
--------------------------------------------------------------------------------

INFO:Timing:2698 - No timing constraints found, doing default enumeration.
INFO:Timing:3412 - To improve timing, see the Timing Closure User Guide (UG612).
INFO:Timing:2752 - To get complete path coverage, use the unconstrained paths 
   option. All paths that are not constrained will be reported in the 
   unconstrained paths section(s) of the report.
INFO:Timing:3339 - The clock-to-out numbers in this timing report are based on 
   a 50 Ohm transmission line loading model.  For the details of this model, 
   and for more information on accounting for different loading conditions, 
   please see the device datasheet.



Data Sheet report:
-----------------
All values displayed in nanoseconds (ns)

Pad to Pad
---------------+---------------+---------+
Source Pad     |Destination Pad|  Delay  |
---------------+---------------+---------+
M<0>           |P<0>           |    7.410|
M<0>           |P<1>           |    7.629|
M<0>           |P<2>           |    9.264|
M<0>           |P<3>           |   12.029|
M<0>           |P<4>           |   13.609|
M<0>           |P<5>           |   15.809|
M<0>           |P<6>           |   16.355|
M<0>           |P<7>           |   17.773|
M<0>           |P<8>           |   18.193|
M<0>           |P<9>           |   19.121|
M<0>           |P<10>          |   19.464|
M<0>           |P<11>          |   22.140|
M<0>           |P<12>          |   22.046|
M<0>           |P<13>          |   21.937|
M<1>           |P<1>           |    7.683|
M<1>           |P<2>           |    9.050|
M<1>           |P<3>           |   11.768|
M<1>           |P<4>           |   13.480|
M<1>           |P<5>           |   15.680|
M<1>           |P<6>           |   16.042|
M<1>           |P<7>           |   17.460|
M<1>           |P<8>           |   17.880|
M<1>           |P<9>           |   18.808|
M<1>           |P<10>          |   19.151|
M<1>           |P<11>          |   21.827|
M<1>           |P<12>          |   21.733|
M<1>           |P<13>          |   21.624|
M<2>           |P<2>           |    8.119|
M<2>           |P<3>           |   11.214|
M<2>           |P<4>           |   12.838|
M<2>           |P<5>           |   15.038|
M<2>           |P<6>           |   15.540|
M<2>           |P<7>           |   16.958|
M<2>           |P<8>           |   17.378|
M<2>           |P<9>           |   18.306|
M<2>           |P<10>          |   18.649|
M<2>           |P<11>          |   21.325|
M<2>           |P<12>          |   21.231|
M<2>           |P<13>          |   21.122|
M<3>           |P<3>           |   10.751|
M<3>           |P<4>           |   12.738|
M<3>           |P<5>           |   14.938|
M<3>           |P<6>           |   15.419|
M<3>           |P<7>           |   16.837|
M<3>           |P<8>           |   17.257|
M<3>           |P<9>           |   18.185|
M<3>           |P<10>          |   18.528|
M<3>           |P<11>          |   21.204|
M<3>           |P<12>          |   21.110|
M<3>           |P<13>          |   21.001|
M<4>           |P<4>           |   12.230|
M<4>           |P<5>           |   14.430|
M<4>           |P<6>           |   14.727|
M<4>           |P<7>           |   16.134|
M<4>           |P<8>           |   16.549|
M<4>           |P<9>           |   17.348|
M<4>           |P<10>          |   17.691|
M<4>           |P<11>          |   20.367|
M<4>           |P<12>          |   20.273|
M<4>           |P<13>          |   20.164|
M<5>           |P<5>           |   12.679|
M<5>           |P<6>           |   13.107|
M<5>           |P<7>           |   14.730|
M<5>           |P<8>           |   15.145|
M<5>           |P<9>           |   16.078|
M<5>           |P<10>          |   16.419|
M<5>           |P<11>          |   19.097|
M<5>           |P<12>          |   19.003|
M<5>           |P<13>          |   18.894|
M<6>           |P<6>           |   12.888|
M<6>           |P<7>           |   14.306|
M<6>           |P<8>           |   14.726|
M<6>           |P<9>           |   15.654|
M<6>           |P<10>          |   15.997|
M<6>           |P<11>          |   18.673|
M<6>           |P<12>          |   18.579|
M<6>           |P<13>          |   18.470|
M<7>           |COUT           |    9.045|
Q<0>           |P<0>           |   10.729|
Q<0>           |P<1>           |   10.948|
Q<0>           |P<2>           |   10.289|
Q<0>           |P<3>           |   11.517|
Q<0>           |P<4>           |   13.341|
Q<0>           |P<5>           |   15.541|
Q<0>           |P<6>           |   15.843|
Q<0>           |P<7>           |   17.261|
Q<0>           |P<8>           |   17.681|
Q<0>           |P<9>           |   18.609|
Q<0>           |P<10>          |   18.952|
Q<0>           |P<11>          |   21.628|
Q<0>           |P<12>          |   21.534|
Q<0>           |P<13>          |   21.425|
Q<1>           |P<1>           |   11.231|
Q<1>           |P<2>           |   10.727|
Q<1>           |P<3>           |   11.798|
Q<1>           |P<4>           |   13.510|
Q<1>           |P<5>           |   15.710|
Q<1>           |P<6>           |   16.091|
Q<1>           |P<7>           |   17.509|
Q<1>           |P<8>           |   17.929|
Q<1>           |P<9>           |   18.857|
Q<1>           |P<10>          |   19.200|
Q<1>           |P<11>          |   21.876|
Q<1>           |P<12>          |   21.782|
Q<1>           |P<13>          |   21.673|
Q<2>           |P<2>           |   10.760|
Q<2>           |P<3>           |   10.987|
Q<2>           |P<4>           |   12.549|
Q<2>           |P<5>           |   14.749|
Q<2>           |P<6>           |   15.046|
Q<2>           |P<7>           |   16.453|
Q<2>           |P<8>           |   16.868|
Q<2>           |P<9>           |   17.728|
Q<2>           |P<10>          |   18.069|
Q<2>           |P<11>          |   20.747|
Q<2>           |P<12>          |   20.653|
Q<2>           |P<13>          |   20.544|
Q<3>           |P<3>           |   11.793|
Q<3>           |P<4>           |   12.156|
Q<3>           |P<5>           |   14.138|
Q<3>           |P<6>           |   14.435|
Q<3>           |P<7>           |   15.842|
Q<3>           |P<8>           |   16.257|
Q<3>           |P<9>           |   17.047|
Q<3>           |P<10>          |   17.388|
Q<3>           |P<11>          |   20.066|
Q<3>           |P<12>          |   19.972|
Q<3>           |P<13>          |   19.863|
Q<4>           |P<4>           |   11.719|
Q<4>           |P<5>           |   12.568|
Q<4>           |P<6>           |   12.947|
Q<4>           |P<7>           |   14.354|
Q<4>           |P<8>           |   14.769|
Q<4>           |P<9>           |   15.559|
Q<4>           |P<10>          |   15.900|
Q<4>           |P<11>          |   18.578|
Q<4>           |P<12>          |   18.484|
Q<4>           |P<13>          |   18.375|
Q<5>           |P<5>           |   11.327|
Q<5>           |P<6>           |   10.321|
Q<5>           |P<7>           |   11.863|
Q<5>           |P<8>           |   12.278|
Q<5>           |P<9>           |   11.988|
Q<5>           |P<10>          |   12.809|
Q<5>           |P<11>          |   14.421|
Q<5>           |P<12>          |   14.602|
Q<5>           |P<13>          |   14.493|
Q<6>           |P<6>           |   10.567|
Q<6>           |P<7>           |   10.984|
Q<6>           |P<8>           |   11.399|
Q<6>           |P<9>           |   11.109|
Q<6>           |P<10>          |   11.930|
Q<6>           |P<11>          |   12.597|
Q<6>           |P<12>          |   13.723|
Q<6>           |P<13>          |   13.614|
Q<7>           |COUT           |    7.670|
---------------+---------------+---------+


Analysis completed Tue Feb 18 06:50:24 2025 
--------------------------------------------------------------------------------

Trace Settings:
-------------------------
Trace Settings 

Peak Memory Usage: 382 MB



