Reading netlist file: "C:\Users\dasre\Documents\Knowledge-db\ghFiles\HDL-ART\Examen3TrapecioMetodos\SPI\impl\gwsynthesis\SPI.vg"
Parsing netlist file "C:\Users\dasre\Documents\Knowledge-db\ghFiles\HDL-ART\Examen3TrapecioMetodos\SPI\impl\gwsynthesis\SPI.vg" completed
Processing netlist completed
Reading constraint file: "C:\Users\dasre\Documents\Knowledge-db\ghFiles\HDL-ART\Examen3TrapecioMetodos\SPI\src\SPI.cst"
Physical Constraint parsed completed
Running placement......
[10%] Placement Phase 0 completed
[20%] Placement Phase 1 completed
[30%] Placement Phase 2 completed
WARN  (TA1132) :  'clk' was determined to be a clock but was not created.
WARN  (TA1132) :  'tck_pad_i' was determined to be a clock but was not created.
[50%] Placement Phase 3 completed
Running routing......
[60%] Routing Phase 0 completed
[70%] Routing Phase 1 completed
[80%] Routing Phase 2 completed
[90%] Routing Phase 3 completed
Running timing analysis......
[95%] Timing analysis completed
Placement and routing completed
Bitstream generation in progress......
Bitstream generation completed
Running power analysis......
[100%] Power analysis completed
Generate file "C:\Users\dasre\Documents\Knowledge-db\ghFiles\HDL-ART\Examen3TrapecioMetodos\SPI\impl\pnr\SPI.power.html" completed
Generate file "C:\Users\dasre\Documents\Knowledge-db\ghFiles\HDL-ART\Examen3TrapecioMetodos\SPI\impl\pnr\SPI.pin.html" completed
Generate file "C:\Users\dasre\Documents\Knowledge-db\ghFiles\HDL-ART\Examen3TrapecioMetodos\SPI\impl\pnr\SPI.rpt.html" completed
Generate file "C:\Users\dasre\Documents\Knowledge-db\ghFiles\HDL-ART\Examen3TrapecioMetodos\SPI\impl\pnr\SPI.rpt.txt" completed
Generate file "C:\Users\dasre\Documents\Knowledge-db\ghFiles\HDL-ART\Examen3TrapecioMetodos\SPI\impl\pnr\SPI.tr.html" completed
Tue Apr 14 17:04:48 2026

