GowinSynthesis start
Running parser ...
Analyzing Verilog file 'C:\Users\dasre\Documents\Knowledge-db\ghFiles\HDL-ART\0Jpcodes\10 Tang Nano 9k\fpga_project\src\tst.v'
Compiling module 'counter'("C:\Users\dasre\Documents\Knowledge-db\ghFiles\HDL-ART\0Jpcodes\10 Tang Nano 9k\fpga_project\src\tst.v":1)
WARN  (EX3791) : Expression size 9 truncated to fit in target size 8("C:\Users\dasre\Documents\Knowledge-db\ghFiles\HDL-ART\0Jpcodes\10 Tang Nano 9k\fpga_project\src\tst.v":18)
NOTE  (EX0101) : Current top module is "counter"
[5%] Running netlist conversion ...
WARN  (CV0016) : Input A is unused("C:\Users\dasre\Documents\Knowledge-db\ghFiles\HDL-ART\0Jpcodes\10 Tang Nano 9k\fpga_project\src\tst.v":3)
WARN  (CV0016) : Input trigger_sw is unused("C:\Users\dasre\Documents\Knowledge-db\ghFiles\HDL-ART\0Jpcodes\10 Tang Nano 9k\fpga_project\src\tst.v":4)
Running device independent optimization ...
[10%] Optimizing Phase 0 completed
[15%] Optimizing Phase 1 completed
[25%] Optimizing Phase 2 completed
Running inference ...
[30%] Inferring Phase 0 completed
[40%] Inferring Phase 1 completed
[50%] Inferring Phase 2 completed
[55%] Inferring Phase 3 completed
Running technical mapping ...
[60%] Tech-Mapping Phase 0 completed
[65%] Tech-Mapping Phase 1 completed
[75%] Tech-Mapping Phase 2 completed
[80%] Tech-Mapping Phase 3 completed
[90%] Tech-Mapping Phase 4 completed
[95%] Generate netlist file "C:\Users\dasre\Documents\Knowledge-db\ghFiles\HDL-ART\0Jpcodes\10 Tang Nano 9k\fpga_project\impl\gwsynthesis\fpga_project.vg" completed
[100%] Generate report file "C:\Users\dasre\Documents\Knowledge-db\ghFiles\HDL-ART\0Jpcodes\10 Tang Nano 9k\fpga_project\impl\gwsynthesis\fpga_project_syn.rpt.html" completed
GowinSynthesis finish
