Reading netlist file: "C:\Users\Das\Dropbox\Obsidian\Fisica\tmp\VHDL-ART\Practica6Booth\src\P7\impl\gwsynthesis\P7.vg"
Parsing netlist file "C:\Users\Das\Dropbox\Obsidian\Fisica\tmp\VHDL-ART\Practica6Booth\src\P7\impl\gwsynthesis\P7.vg" completed
Processing netlist completed
Reading constraint file: "C:\Users\Das\Dropbox\Obsidian\Fisica\tmp\VHDL-ART\Practica6Booth\src\P7\src\P6.cst"
Physical Constraint parsed completed
Running placement......
[10%] Placement Phase 0 completed
[20%] Placement Phase 1 completed
[30%] Placement Phase 2 completed
[50%] Placement Phase 3 completed
Running routing......
[60%] Routing Phase 0 completed
[70%] Routing Phase 1 completed
[80%] Routing Phase 2 completed
[90%] Routing Phase 3 completed
Running timing analysis......
[95%] Timing analysis completed
Placement and routing completed
Bitstream generation in progress......
Bitstream generation completed
Running power analysis......
[100%] Power analysis completed
Generate file "C:\Users\Das\Dropbox\Obsidian\Fisica\tmp\VHDL-ART\Practica6Booth\src\P7\impl\pnr\P7.power.html" completed
Generate file "C:\Users\Das\Dropbox\Obsidian\Fisica\tmp\VHDL-ART\Practica6Booth\src\P7\impl\pnr\P7.pin.html" completed
Generate file "C:\Users\Das\Dropbox\Obsidian\Fisica\tmp\VHDL-ART\Practica6Booth\src\P7\impl\pnr\P7.rpt.html" completed
Generate file "C:\Users\Das\Dropbox\Obsidian\Fisica\tmp\VHDL-ART\Practica6Booth\src\P7\impl\pnr\P7.rpt.txt" completed
Generate file "C:\Users\Das\Dropbox\Obsidian\Fisica\tmp\VHDL-ART\Practica6Booth\src\P7\impl\pnr\P7.tr.html" completed
Fri Apr 11 12:39:56 2025

