Reading netlist file: "/home/dasreyxr/wkn/Knowledge-db/ghfiles/HDL-ART/CommProtocols/SPI/SPI_Master/impl/gwsynthesis/SPI_Master.vg"
Parsing netlist file "/home/dasreyxr/wkn/Knowledge-db/ghfiles/HDL-ART/CommProtocols/SPI/SPI_Master/impl/gwsynthesis/SPI_Master.vg" completed
Processing netlist completed
Reading constraint file: "/home/dasreyxr/wkn/Knowledge-db/ghfiles/HDL-ART/CommProtocols/SPI/SPI_Master/src/SPI_Master.cst"
Physical Constraint parsed completed
Running placement......
[10%] Placement Phase 0 completed
[20%] Placement Phase 1 completed
[30%] Placement Phase 2 completed
[50%] Placement Phase 3 completed
Running routing......
[60%] Routing Phase 0 completed
[70%] Routing Phase 1 completed
[80%] Routing Phase 2 completed
[90%] Routing Phase 3 completed
Running timing analysis......
[95%] Timing analysis completed
Placement and routing completed
Bitstream generation in progress......
Bitstream generation completed
Running power analysis......
[100%] Power analysis completed
Generate file "/home/dasreyxr/wkn/Knowledge-db/ghfiles/HDL-ART/CommProtocols/SPI/SPI_Master/impl/pnr/SPI_Master.power.html" completed
Generate file "/home/dasreyxr/wkn/Knowledge-db/ghfiles/HDL-ART/CommProtocols/SPI/SPI_Master/impl/pnr/SPI_Master.pin.html" completed
Generate file "/home/dasreyxr/wkn/Knowledge-db/ghfiles/HDL-ART/CommProtocols/SPI/SPI_Master/impl/pnr/SPI_Master.rpt.html" completed
Generate file "/home/dasreyxr/wkn/Knowledge-db/ghfiles/HDL-ART/CommProtocols/SPI/SPI_Master/impl/pnr/SPI_Master.rpt.txt" completed
Generate file "/home/dasreyxr/wkn/Knowledge-db/ghfiles/HDL-ART/CommProtocols/SPI/SPI_Master/impl/pnr/SPI_Master.tr.html" completed
Mon Jul 20 18:44:12 2026

