Reading netlist file: "C:\Users\dasre\Documents\Knowledge-db\ghFiles\HDL-ART\0Jpcodes\8GAO Tst\HDL Part\impl\gwsynthesis\HDL Part.vg"
Parsing netlist file "C:\Users\dasre\Documents\Knowledge-db\ghFiles\HDL-ART\0Jpcodes\8GAO Tst\HDL Part\impl\gwsynthesis\HDL Part.vg" completed
Processing netlist completed
Reading constraint file: "C:\Users\dasre\Documents\Knowledge-db\ghFiles\HDL-ART\0Jpcodes\8GAO Tst\HDL Part\src\HDL Part.cst"
Physical Constraint parsed completed
Running placement......
[10%] Placement Phase 0 completed
[20%] Placement Phase 1 completed
[30%] Placement Phase 2 completed
WARN  (TA1132) :  'clk' was determined to be a clock but was not created.
WARN  (TA1132) :  'tck_pad_i' was determined to be a clock but was not created.
[50%] Placement Phase 3 completed
Running routing......
[60%] Routing Phase 0 completed
[70%] Routing Phase 1 completed
[80%] Routing Phase 2 completed
[90%] Routing Phase 3 completed
Running timing analysis......
[95%] Timing analysis completed
Placement and routing completed
Bitstream generation in progress......
Bitstream generation completed
Running power analysis......
[100%] Power analysis completed
Generate file "C:\Users\dasre\Documents\Knowledge-db\ghFiles\HDL-ART\0Jpcodes\8GAO Tst\HDL Part\impl\pnr\HDL Part.power.html" completed
Generate file "C:\Users\dasre\Documents\Knowledge-db\ghFiles\HDL-ART\0Jpcodes\8GAO Tst\HDL Part\impl\pnr\HDL Part.pin.html" completed
Generate file "C:\Users\dasre\Documents\Knowledge-db\ghFiles\HDL-ART\0Jpcodes\8GAO Tst\HDL Part\impl\pnr\HDL Part.rpt.html" completed
Generate file "C:\Users\dasre\Documents\Knowledge-db\ghFiles\HDL-ART\0Jpcodes\8GAO Tst\HDL Part\impl\pnr\HDL Part.rpt.txt" completed
Generate file "C:\Users\dasre\Documents\Knowledge-db\ghFiles\HDL-ART\0Jpcodes\8GAO Tst\HDL Part\impl\pnr\HDL Part.tr.html" completed
Tue Apr 14 18:12:30 2026

