--------------------------------------------------------------------------------
Release 14.7 Trace  (lin64)
Copyright (c) 1995-2013 Xilinx, Inc.  All rights reserved.

/opt/Xilinx/14.7/ISE_DS/ISE/bin/lin64/unwrapped/trce -intstyle ise -v 3 -s 3 -n
3 -fastpaths -xml Top_CarryLookAhead.twx Top_CarryLookAhead.ncd -o
Top_CarryLookAhead.twr Top_CarryLookAhead.pcf -ucf ucf.ucf

Design file:              Top_CarryLookAhead.ncd
Physical constraint file: Top_CarryLookAhead.pcf
Device,package,speed:     xc6slx9,tqg144,C,-3 (PRODUCTION 1.23 2013-10-13)
Report level:             verbose report

Environment Variable      Effect 
--------------------      ------ 
NONE                      No environment variables were set
--------------------------------------------------------------------------------

INFO:Timing:2698 - No timing constraints found, doing default enumeration.
INFO:Timing:3412 - To improve timing, see the Timing Closure User Guide (UG612).
INFO:Timing:2752 - To get complete path coverage, use the unconstrained paths 
   option. All paths that are not constrained will be reported in the 
   unconstrained paths section(s) of the report.
INFO:Timing:3339 - The clock-to-out numbers in this timing report are based on 
   a 50 Ohm transmission line loading model.  For the details of this model, 
   and for more information on accounting for different loading conditions, 
   please see the device datasheet.



Data Sheet report:
-----------------
All values displayed in nanoseconds (ns)

Pad to Pad
---------------+---------------+---------+
Source Pad     |Destination Pad|  Delay  |
---------------+---------------+---------+
A<0>           |S<0>           |   11.357|
A<0>           |S<1>           |   10.982|
A<0>           |S<2>           |    9.479|
A<0>           |S<3>           |   10.454|
A<0>           |S<4>           |   10.262|
A<0>           |S<5>           |   11.138|
A<0>           |S<6>           |   11.401|
A<0>           |S<7>           |   12.950|
A<0>           |S<8>           |   12.056|
A<0>           |S<9>           |   15.298|
A<0>           |S<10>          |   16.573|
A<0>           |S<11>          |   17.009|
A<0>           |S<12>          |   16.558|
A<0>           |S<13>          |   17.927|
A<0>           |S<14>          |   18.006|
A<0>           |S<15>          |   18.740|
A<0>           |cout           |   16.296|
A<1>           |S<1>           |   10.199|
A<1>           |S<2>           |    9.324|
A<1>           |S<3>           |   10.055|
A<1>           |S<4>           |    9.863|
A<1>           |S<5>           |   10.739|
A<1>           |S<6>           |   11.002|
A<1>           |S<7>           |   12.551|
A<1>           |S<8>           |   11.657|
A<1>           |S<9>           |   14.899|
A<1>           |S<10>          |   16.174|
A<1>           |S<11>          |   16.610|
A<1>           |S<12>          |   16.159|
A<1>           |S<13>          |   17.528|
A<1>           |S<14>          |   17.607|
A<1>           |S<15>          |   18.341|
A<1>           |cout           |   15.897|
A<2>           |S<2>           |    9.078|
A<2>           |S<3>           |    9.508|
A<2>           |S<4>           |    9.316|
A<2>           |S<5>           |   10.192|
A<2>           |S<6>           |   10.455|
A<2>           |S<7>           |   12.004|
A<2>           |S<8>           |   11.110|
A<2>           |S<9>           |   14.352|
A<2>           |S<10>          |   15.627|
A<2>           |S<11>          |   16.063|
A<2>           |S<12>          |   15.612|
A<2>           |S<13>          |   16.981|
A<2>           |S<14>          |   17.060|
A<2>           |S<15>          |   17.794|
A<2>           |cout           |   15.350|
A<3>           |S<3>           |    8.803|
A<3>           |S<4>           |    8.714|
A<3>           |S<5>           |    9.590|
A<3>           |S<6>           |    9.853|
A<3>           |S<7>           |   11.402|
A<3>           |S<8>           |   10.508|
A<3>           |S<9>           |   13.750|
A<3>           |S<10>          |   15.025|
A<3>           |S<11>          |   15.461|
A<3>           |S<12>          |   15.010|
A<3>           |S<13>          |   16.379|
A<3>           |S<14>          |   16.458|
A<3>           |S<15>          |   17.192|
A<3>           |cout           |   14.748|
A<4>           |S<4>           |    8.846|
A<4>           |S<5>           |    9.722|
A<4>           |S<6>           |    9.985|
A<4>           |S<7>           |   11.534|
A<4>           |S<8>           |   10.640|
A<4>           |S<9>           |   13.882|
A<4>           |S<10>          |   15.157|
A<4>           |S<11>          |   15.593|
A<4>           |S<12>          |   15.142|
A<4>           |S<13>          |   16.511|
A<4>           |S<14>          |   16.590|
A<4>           |S<15>          |   17.324|
A<4>           |cout           |   14.880|
A<5>           |S<5>           |    8.100|
A<5>           |S<6>           |    8.532|
A<5>           |S<7>           |   10.081|
A<5>           |S<8>           |    9.187|
A<5>           |S<9>           |   12.429|
A<5>           |S<10>          |   13.704|
A<5>           |S<11>          |   14.140|
A<5>           |S<12>          |   13.689|
A<5>           |S<13>          |   15.058|
A<5>           |S<14>          |   15.137|
A<5>           |S<15>          |   15.871|
A<5>           |cout           |   13.427|
A<6>           |S<6>           |    8.483|
A<6>           |S<7>           |   10.032|
A<6>           |S<8>           |    9.138|
A<6>           |S<9>           |   12.380|
A<6>           |S<10>          |   13.655|
A<6>           |S<11>          |   14.091|
A<6>           |S<12>          |   13.640|
A<6>           |S<13>          |   15.009|
A<6>           |S<14>          |   15.088|
A<6>           |S<15>          |   15.822|
A<6>           |cout           |   13.378|
A<7>           |S<7>           |   10.209|
A<7>           |S<8>           |   10.071|
A<7>           |S<9>           |   13.313|
A<7>           |S<10>          |   14.588|
A<7>           |S<11>          |   15.024|
A<7>           |S<12>          |   14.573|
A<7>           |S<13>          |   15.942|
A<7>           |S<14>          |   16.021|
A<7>           |S<15>          |   16.755|
A<7>           |cout           |   14.311|
A<8>           |S<8>           |    9.836|
A<8>           |S<9>           |   13.078|
A<8>           |S<10>          |   14.353|
A<8>           |S<11>          |   14.789|
A<8>           |S<12>          |   14.338|
A<8>           |S<13>          |   15.707|
A<8>           |S<14>          |   15.786|
A<8>           |S<15>          |   16.520|
A<8>           |cout           |   14.076|
A<9>           |S<9>           |    9.739|
A<9>           |S<10>          |   10.995|
A<9>           |S<11>          |   11.431|
A<9>           |S<12>          |   10.980|
A<9>           |S<13>          |   12.349|
A<9>           |S<14>          |   12.428|
A<9>           |S<15>          |   13.162|
A<9>           |cout           |   10.718|
A<10>          |S<10>          |   11.586|
A<10>          |S<11>          |   12.022|
A<10>          |S<12>          |   11.571|
A<10>          |S<13>          |   12.940|
A<10>          |S<14>          |   13.019|
A<10>          |S<15>          |   13.753|
A<10>          |cout           |   11.309|
A<11>          |S<11>          |   10.826|
A<11>          |S<12>          |   10.787|
A<11>          |S<13>          |   12.156|
A<11>          |S<14>          |   12.235|
A<11>          |S<15>          |   12.969|
A<11>          |cout           |   10.525|
A<12>          |S<12>          |   10.943|
A<12>          |S<13>          |   12.312|
A<12>          |S<14>          |   12.391|
A<12>          |S<15>          |   13.125|
A<12>          |cout           |   10.681|
A<13>          |S<13>          |   10.310|
A<13>          |S<14>          |   10.639|
A<13>          |S<15>          |   11.373|
A<13>          |cout           |    8.929|
A<14>          |S<14>          |   10.414|
A<14>          |S<15>          |   11.148|
A<14>          |cout           |    8.704|
A<15>          |S<15>          |   10.794|
A<15>          |cout           |    8.350|
B<0>           |S<0>           |   11.625|
B<0>           |S<1>           |   11.250|
B<0>           |S<2>           |   10.085|
B<0>           |S<3>           |   10.685|
B<0>           |S<4>           |   10.493|
B<0>           |S<5>           |   11.369|
B<0>           |S<6>           |   11.632|
B<0>           |S<7>           |   13.181|
B<0>           |S<8>           |   12.287|
B<0>           |S<9>           |   15.529|
B<0>           |S<10>          |   16.804|
B<0>           |S<11>          |   17.240|
B<0>           |S<12>          |   16.789|
B<0>           |S<13>          |   18.158|
B<0>           |S<14>          |   18.237|
B<0>           |S<15>          |   18.971|
B<0>           |cout           |   16.527|
B<1>           |S<1>           |   11.194|
B<1>           |S<2>           |    9.866|
B<1>           |S<3>           |   10.701|
B<1>           |S<4>           |   10.509|
B<1>           |S<5>           |   11.385|
B<1>           |S<6>           |   11.648|
B<1>           |S<7>           |   13.197|
B<1>           |S<8>           |   12.303|
B<1>           |S<9>           |   15.545|
B<1>           |S<10>          |   16.820|
B<1>           |S<11>          |   17.256|
B<1>           |S<12>          |   16.805|
B<1>           |S<13>          |   18.174|
B<1>           |S<14>          |   18.253|
B<1>           |S<15>          |   18.987|
B<1>           |cout           |   16.543|
B<2>           |S<2>           |    9.320|
B<2>           |S<3>           |    9.770|
B<2>           |S<4>           |    9.578|
B<2>           |S<5>           |   10.454|
B<2>           |S<6>           |   10.717|
B<2>           |S<7>           |   12.266|
B<2>           |S<8>           |   11.372|
B<2>           |S<9>           |   14.614|
B<2>           |S<10>          |   15.889|
B<2>           |S<11>          |   16.325|
B<2>           |S<12>          |   15.874|
B<2>           |S<13>          |   17.243|
B<2>           |S<14>          |   17.322|
B<2>           |S<15>          |   18.056|
B<2>           |cout           |   15.612|
B<3>           |S<3>           |    8.796|
B<3>           |S<4>           |    8.998|
B<3>           |S<5>           |    9.874|
B<3>           |S<6>           |   10.137|
B<3>           |S<7>           |   11.686|
B<3>           |S<8>           |   10.792|
B<3>           |S<9>           |   14.034|
B<3>           |S<10>          |   15.309|
B<3>           |S<11>          |   15.745|
B<3>           |S<12>          |   15.294|
B<3>           |S<13>          |   16.663|
B<3>           |S<14>          |   16.742|
B<3>           |S<15>          |   17.476|
B<3>           |cout           |   15.032|
B<4>           |S<4>           |    8.544|
B<4>           |S<5>           |    9.420|
B<4>           |S<6>           |    9.683|
B<4>           |S<7>           |   11.232|
B<4>           |S<8>           |   10.338|
B<4>           |S<9>           |   13.580|
B<4>           |S<10>          |   14.855|
B<4>           |S<11>          |   15.291|
B<4>           |S<12>          |   14.840|
B<4>           |S<13>          |   16.209|
B<4>           |S<14>          |   16.288|
B<4>           |S<15>          |   17.022|
B<4>           |cout           |   14.578|
B<5>           |S<5>           |    8.387|
B<5>           |S<6>           |    9.045|
B<5>           |S<7>           |   10.594|
B<5>           |S<8>           |    9.700|
B<5>           |S<9>           |   12.942|
B<5>           |S<10>          |   14.217|
B<5>           |S<11>          |   14.653|
B<5>           |S<12>          |   14.202|
B<5>           |S<13>          |   15.571|
B<5>           |S<14>          |   15.650|
B<5>           |S<15>          |   16.384|
B<5>           |cout           |   13.940|
B<6>           |S<6>           |    8.671|
B<6>           |S<7>           |   10.220|
B<6>           |S<8>           |    9.326|
B<6>           |S<9>           |   12.568|
B<6>           |S<10>          |   13.843|
B<6>           |S<11>          |   14.279|
B<6>           |S<12>          |   13.828|
B<6>           |S<13>          |   15.197|
B<6>           |S<14>          |   15.276|
B<6>           |S<15>          |   16.010|
B<6>           |cout           |   13.566|
B<7>           |S<7>           |    9.400|
B<7>           |S<8>           |    8.708|
B<7>           |S<9>           |   11.950|
B<7>           |S<10>          |   13.225|
B<7>           |S<11>          |   13.661|
B<7>           |S<12>          |   13.210|
B<7>           |S<13>          |   14.579|
B<7>           |S<14>          |   14.658|
B<7>           |S<15>          |   15.392|
B<7>           |cout           |   12.948|
B<8>           |S<8>           |    9.820|
B<8>           |S<9>           |   13.062|
B<8>           |S<10>          |   14.337|
B<8>           |S<11>          |   14.773|
B<8>           |S<12>          |   14.322|
B<8>           |S<13>          |   15.691|
B<8>           |S<14>          |   15.770|
B<8>           |S<15>          |   16.504|
B<8>           |cout           |   14.060|
B<9>           |S<9>           |   10.276|
B<9>           |S<10>          |   11.299|
B<9>           |S<11>          |   11.735|
B<9>           |S<12>          |   11.284|
B<9>           |S<13>          |   12.653|
B<9>           |S<14>          |   12.732|
B<9>           |S<15>          |   13.466|
B<9>           |cout           |   11.022|
B<10>          |S<10>          |   11.142|
B<10>          |S<11>          |   11.578|
B<10>          |S<12>          |   11.127|
B<10>          |S<13>          |   12.496|
B<10>          |S<14>          |   12.575|
B<10>          |S<15>          |   13.309|
B<10>          |cout           |   10.865|
B<11>          |S<11>          |   11.201|
B<11>          |S<12>          |   11.217|
B<11>          |S<13>          |   12.586|
B<11>          |S<14>          |   12.665|
B<11>          |S<15>          |   13.399|
B<11>          |cout           |   10.955|
B<12>          |S<12>          |   10.834|
B<12>          |S<13>          |   12.203|
B<12>          |S<14>          |   12.282|
B<12>          |S<15>          |   13.016|
B<12>          |cout           |   10.572|
B<13>          |S<13>          |   10.856|
B<13>          |S<14>          |   10.993|
B<13>          |S<15>          |   11.727|
B<13>          |cout           |    9.283|
B<14>          |S<14>          |   10.611|
B<14>          |S<15>          |   11.345|
B<14>          |cout           |    8.901|
B<15>          |S<15>          |   10.901|
B<15>          |cout           |    8.457|
---------------+---------------+---------+


Analysis completed Mon Feb 17 22:24:44 2025 
--------------------------------------------------------------------------------

Trace Settings:
-------------------------
Trace Settings 

Peak Memory Usage: 382 MB



